// Jest Snapshot v1, https://goo.gl/fbAQLP

exports[`RangeSlider renders 1`] = `
.c0 {
  position: relative;
  height: 1rem;
  width: 100%;
  font-family: Montserrat,Roboto,sans-serif;
  -webkit-user-select: none;
  -moz-user-select: none;
  -ms-user-select: none;
  user-select: none;
  -webkit-transition: filter .1s;
  transition: filter .1s;
  top: -.5rem;
  margin-top: 1rem;
}

.c1 {
  position: absolute;
  top: 50%;
  -webkit-transform: translateY(-50%);
  -ms-transform: translateY(-50%);
  transform: translateY(-50%);
  width: 100%;
  height: 0.25rem;
  overflow: hidden;
  border-radius: 0.125rem;
  background-color: #d3d6d7;
}

.c2 {
  position: absolute;
  top: 0%;
  height: 100%;
  left: Infinity%;
  right: Infinity%;
  -webkit-transition: left .3s,right .3s;
  transition: left .3s,right .3s;
  background-color: #e75b27;
}

.c3 {
  position: absolute;
  bottom: 100%;
  left: 0rem;
  color: #51575d;
  font-size: .5rem;
}

.c4 {
  position: absolute;
  bottom: 100%;
  right: 0rem;
  color: #51575d;
  font-size: .5rem;
}

<div>
  <div
    class="c0"
    data-test-id="hs-ui-range-slider-unit-test"
  >
    <div
      class="c1"
    >
      <div
        class="c2"
        max="10"
        min="0"
        values=""
      />
    </div>
    <div
      class="c3"
    >
      0
    </div>
    <div
      class="c4"
    >
      10
    </div>
  </div>
</div>
`;
